2026-06-19T19:57:20.611+02:00  INFO 29500 --- [transaction-service] [main] c.m.t.TransactionServiceApplication      : Starting TransactionServiceApplication using Java 23 with PID 29500 (D:\Programacion\Personal\Mix\treasurytracker\backend\transaction-service\target\classes started by Marcos in D:\Programacion\Personal\Mix\treasurytracker\backend)
2026-06-19T19:57:20.615+02:00 DEBUG 29500 --- [transaction-service] [main] c.m.t.TransactionServiceApplication      : Running with Spring Boot v3.5.6, Spring v6.2.11
2026-06-19T19:57:20.618+02:00  INFO 29500 --- [transaction-service] [main] c.m.t.TransactionServiceApplication      : The following 1 profile is active: "local"
2026-06-19T19:57:23.390+02:00  INFO 29500 --- [transaction-service] [main] .s.d.r.c.RepositoryConfigurationDelegate : Bootstrapping Spring Data JPA repositories in DEFAULT mode.
2026-06-19T19:57:23.517+02:00  INFO 29500 --- [transaction-service] [main] .s.d.r.c.RepositoryConfigurationDelegate : Finished Spring Data repository scanning in 101 ms. Found 2 JPA repository interfaces.
2026-06-19T19:57:25.730+02:00  INFO 29500 --- [transaction-service] [main] o.s.b.w.embedded.tomcat.TomcatWebServer  : Tomcat initialized with port 8082 (http)
2026-06-19T19:57:25.751+02:00  INFO 29500 --- [transaction-service] [main] o.apache.catalina.core.StandardService   : Starting service [Tomcat]
2026-06-19T19:57:25.752+02:00  INFO 29500 --- [transaction-service] [main] o.apache.catalina.core.StandardEngine    : Starting Servlet engine: [Apache Tomcat/10.1.46]
2026-06-19T19:57:25.841+02:00  INFO 29500 --- [transaction-service] [main] o.a.c.c.C.[Tomcat].[localhost].[/]       : Initializing Spring embedded WebApplicationContext
2026-06-19T19:57:25.841+02:00  INFO 29500 --- [transaction-service] [main] w.s.c.ServletWebServerApplicationContext : Root WebApplicationContext: initialization completed in 5100 ms
2026-06-19T19:57:25.987+02:00 DEBUG 29500 --- [transaction-service] [main] c.m.t.config.JwtValidationFilter         : Filter 'jwtValidationFilter' configured for use
2026-06-19T19:57:26.240+02:00  INFO 29500 --- [transaction-service] [main] o.hibernate.jpa.internal.util.LogHelper  : HHH000204: Processing PersistenceUnitInfo [name: default]
2026-06-19T19:57:26.318+02:00  INFO 29500 --- [transaction-service] [main] org.hibernate.Version                    : HHH000412: Hibernate ORM core version 6.6.29.Final
2026-06-19T19:57:26.375+02:00  INFO 29500 --- [transaction-service] [main] o.h.c.internal.RegionFactoryInitiator    : HHH000026: Second-level cache disabled
2026-06-19T19:57:26.813+02:00  INFO 29500 --- [transaction-service] [main] o.s.o.j.p.SpringPersistenceUnitInfo      : No LoadTimeWeaver setup: ignoring JPA class transformer
2026-06-19T19:57:26.875+02:00  INFO 29500 --- [transaction-service] [main] com.zaxxer.hikari.HikariDataSource       : HikariPool-1 - Starting...
2026-06-19T19:57:27.132+02:00  INFO 29500 --- [transaction-service] [main] com.zaxxer.hikari.pool.HikariPool        : HikariPool-1 - Added connection org.postgresql.jdbc.PgConnection@154f8280
2026-06-19T19:57:27.134+02:00  INFO 29500 --- [transaction-service] [main] com.zaxxer.hikari.HikariDataSource       : HikariPool-1 - Start completed.
2026-06-19T19:57:27.177+02:00  WARN 29500 --- [transaction-service] [main] org.hibernate.orm.deprecation            : HHH90000025: PostgreSQLDialect does not need to be specified explicitly using 'hibernate.dialect' (remove the property setting and it will be selected by default)
2026-06-19T19:57:27.215+02:00  INFO 29500 --- [transaction-service] [main] org.hibernate.orm.connections.pooling    : HHH10001005: Database info:
	Database JDBC URL [Connecting through datasource 'HikariDataSource (HikariPool-1)']
	Database driver: undefined/unknown
	Database version: 16.14
	Autocommit mode: undefined/unknown
	Isolation level: undefined/unknown
	Minimum pool size: undefined/unknown
	Maximum pool size: undefined/unknown
2026-06-19T19:57:28.298+02:00  INFO 29500 --- [transaction-service] [main] o.h.e.t.j.p.i.JtaPlatformInitiator       : HHH000489: No JTA platform available (set 'hibernate.transaction.jta.platform' to enable JTA platform integration)
2026-06-19T19:57:28.413+02:00  WARN 29500 --- [transaction-service] [main] o.h.engine.jdbc.spi.SqlExceptionHelper   : SQL Warning Code: 0, SQLState: 00000
2026-06-19T19:57:28.413+02:00  WARN 29500 --- [transaction-service] [main] o.h.engine.jdbc.spi.SqlExceptionHelper   : constraint "idx_balances_user" of relation "balances" does not exist, skipping
2026-06-19T19:57:28.444+02:00  WARN 29500 --- [transaction-service] [main] o.h.t.s.i.ExceptionHandlerLoggedImpl     : GenerationTarget encountered exception accepting command : Error executing DDL "
    create index idx_transactions_user_applicated 
       on transactions (user_id, applicated)" via JDBC [ERROR: column "applicated" does not exist]

org.hibernate.tool.schema.spi.CommandAcceptanceException: Error executing DDL "
    create index idx_transactions_user_applicated 
       on transactions (user_id, applicated)" via JDBC [ERROR: column "applicated" does not exist]
	at org.hibernate.tool.schema.internal.exec.GenerationTargetToDatabase.accept(GenerationTargetToDatabase.java:94) ~[hibernate-core-6.6.29.Final.jar:6.6.29.Final]
	at org.hibernate.tool.schema.internal.AbstractSchemaMigrator.applySqlString(AbstractSchemaMigrator.java:576) ~[hibernate-core-6.6.29.Final.jar:6.6.29.Final]
	at org.hibernate.tool.schema.internal.AbstractSchemaMigrator.applySqlStrings(AbstractSchemaMigrator.java:516) ~[hibernate-core-6.6.29.Final.jar:6.6.29.Final]
	at org.hibernate.tool.schema.internal.AbstractSchemaMigrator.applyIndexes(AbstractSchemaMigrator.java:361) ~[hibernate-core-6.6.29.Final.jar:6.6.29.Final]
	at org.hibernate.tool.schema.internal.GroupedSchemaMigratorImpl.performTablesMigration(GroupedSchemaMigratorImpl.java:96) ~[hibernate-core-6.6.29.Final.jar:6.6.29.Final]
	at org.hibernate.tool.schema.internal.AbstractSchemaMigrator.performMigration(AbstractSchemaMigrator.java:233) ~[hibernate-core-6.6.29.Final.jar:6.6.29.Final]
	at org.hibernate.tool.schema.internal.AbstractSchemaMigrator.doMigration(AbstractSchemaMigrator.java:112) ~[hibernate-core-6.6.29.Final.jar:6.6.29.Final]
	at org.hibernate.tool.schema.spi.SchemaManagementToolCoordinator.performDatabaseAction(SchemaManagementToolCoordinator.java:280) ~[hibernate-core-6.6.29.Final.jar:6.6.29.Final]
	at org.hibernate.tool.schema.spi.SchemaManagementToolCoordinator.lambda$process$5(SchemaManagementToolCoordinator.java:144) ~[hibernate-core-6.6.29.Final.jar:6.6.29.Final]
	at java.base/java.util.HashMap.forEach(HashMap.java:1430) ~[na:na]
	at org.hibernate.tool.schema.spi.SchemaManagementToolCoordinator.process(SchemaManagementToolCoordinator.java:141) ~[hibernate-core-6.6.29.Final.jar:6.6.29.Final]
	at org.hibernate.boot.internal.SessionFactoryObserverForSchemaExport.sessionFactoryCreated(SessionFactoryObserverForSchemaExport.java:37) ~[hibernate-core-6.6.29.Final.jar:6.6.29.Final]
	at org.hibernate.internal.SessionFactoryObserverChain.sessionFactoryCreated(SessionFactoryObserverChain.java:35) ~[hibernate-core-6.6.29.Final.jar:6.6.29.Final]
	at org.hibernate.internal.SessionFactoryImpl.<init>(SessionFactoryImpl.java:324) ~[hibernate-core-6.6.29.Final.jar:6.6.29.Final]
	at org.hibernate.boot.internal.SessionFactoryBuilderImpl.build(SessionFactoryBuilderImpl.java:463) ~[hibernate-core-6.6.29.Final.jar:6.6.29.Final]
	at org.hibernate.jpa.boot.internal.EntityManagerFactoryBuilderImpl.build(EntityManagerFactoryBuilderImpl.java:1517) ~[hibernate-core-6.6.29.Final.jar:6.6.29.Final]
	at org.springframework.orm.jpa.vendor.SpringHibernateJpaPersistenceProvider.createContainerEntityManagerFactory(SpringHibernateJpaPersistenceProvider.java:66) ~[spring-orm-6.2.11.jar:6.2.11]
	at org.springframework.orm.jpa.LocalContainerEntityManagerFactoryBean.createNativeEntityManagerFactory(LocalContainerEntityManagerFactoryBean.java:390) ~[spring-orm-6.2.11.jar:6.2.11]
	at org.springframework.orm.jpa.AbstractEntityManagerFactoryBean.buildNativeEntityManagerFactory(AbstractEntityManagerFactoryBean.java:419) ~[spring-orm-6.2.11.jar:6.2.11]
	at org.springframework.orm.jpa.AbstractEntityManagerFactoryBean.afterPropertiesSet(AbstractEntityManagerFactoryBean.java:400) ~[spring-orm-6.2.11.jar:6.2.11]
	at org.springframework.orm.jpa.LocalContainerEntityManagerFactoryBean.afterPropertiesSet(LocalContainerEntityManagerFactoryBean.java:366) ~[spring-orm-6.2.11.jar:6.2.11]
	at org.springframework.beans.factory.support.AbstractAutowireCapableBeanFactory.invokeInitMethods(AbstractAutowireCapableBeanFactory.java:1873) ~[spring-beans-6.2.11.jar:6.2.11]
	at org.springframework.beans.factory.support.AbstractAutowireCapableBeanFactory.initializeBean(AbstractAutowireCapableBeanFactory.java:1822) ~[spring-beans-6.2.11.jar:6.2.11]
	at org.springframework.beans.factory.support.AbstractAutowireCapableBeanFactory.doCreateBean(AbstractAutowireCapableBeanFactory.java:607) ~[spring-beans-6.2.11.jar:6.2.11]
	at org.springframework.beans.factory.support.AbstractAutowireCapableBeanFactory.createBean(AbstractAutowireCapableBeanFactory.java:529) ~[spring-beans-6.2.11.jar:6.2.11]
	at org.springframework.beans.factory.support.AbstractBeanFactory.lambda$doGetBean$0(AbstractBeanFactory.java:339) ~[spring-beans-6.2.11.jar:6.2.11]
	at org.springframework.beans.factory.support.DefaultSingletonBeanRegistry.getSingleton(DefaultSingletonBeanRegistry.java:373) ~[spring-beans-6.2.11.jar:6.2.11]
	at org.springframework.beans.factory.support.AbstractBeanFactory.doGetBean(AbstractBeanFactory.java:337) ~[spring-beans-6.2.11.jar:6.2.11]
	at org.springframework.beans.factory.support.AbstractBeanFactory.getBean(AbstractBeanFactory.java:207) ~[spring-beans-6.2.11.jar:6.2.11]
	at org.springframework.context.support.AbstractApplicationContext.finishBeanFactoryInitialization(AbstractApplicationContext.java:970) ~[spring-context-6.2.11.jar:6.2.11]
	at org.springframework.context.support.AbstractApplicationContext.refresh(AbstractApplicationContext.java:627) ~[spring-context-6.2.11.jar:6.2.11]
	at org.springframework.boot.web.servlet.context.ServletWebServerApplicationContext.refresh(ServletWebServerApplicationContext.java:146) ~[spring-boot-3.5.6.jar:3.5.6]
	at org.springframework.boot.SpringApplication.refresh(SpringApplication.java:752) ~[spring-boot-3.5.6.jar:3.5.6]
	at org.springframework.boot.SpringApplication.refreshContext(SpringApplication.java:439) ~[spring-boot-3.5.6.jar:3.5.6]
	at org.springframework.boot.SpringApplication.run(SpringApplication.java:318) ~[spring-boot-3.5.6.jar:3.5.6]
	at org.springframework.boot.SpringApplication.run(SpringApplication.java:1361) ~[spring-boot-3.5.6.jar:3.5.6]
	at org.springframework.boot.SpringApplication.run(SpringApplication.java:1350) ~[spring-boot-3.5.6.jar:3.5.6]
	at com.mvm.transaction.TransactionServiceApplication.main(TransactionServiceApplication.java:11) ~[classes/:na]
Caused by: org.postgresql.util.PSQLException: ERROR: column "applicated" does not exist
	at org.postgresql.core.v3.QueryExecutorImpl.receiveErrorResponse(QueryExecutorImpl.java:2734) ~[postgresql-42.7.7.jar:42.7.7]
	at org.postgresql.core.v3.QueryExecutorImpl.processResults(QueryExecutorImpl.java:2421) ~[postgresql-42.7.7.jar:42.7.7]
	at org.postgresql.core.v3.QueryExecutorImpl.execute(QueryExecutorImpl.java:372) ~[postgresql-42.7.7.jar:42.7.7]
	at org.postgresql.jdbc.PgStatement.executeInternal(PgStatement.java:518) ~[postgresql-42.7.7.jar:42.7.7]
	at org.postgresql.jdbc.PgStatement.execute(PgStatement.java:435) ~[postgresql-42.7.7.jar:42.7.7]
	at org.postgresql.jdbc.PgStatement.executeWithFlags(PgStatement.java:357) ~[postgresql-42.7.7.jar:42.7.7]
	at org.postgresql.jdbc.PgStatement.executeCachedSql(PgStatement.java:342) ~[postgresql-42.7.7.jar:42.7.7]
	at org.postgresql.jdbc.PgStatement.executeWithFlags(PgStatement.java:318) ~[postgresql-42.7.7.jar:42.7.7]
	at org.postgresql.jdbc.PgStatement.execute(PgStatement.java:313) ~[postgresql-42.7.7.jar:42.7.7]
	at com.zaxxer.hikari.pool.ProxyStatement.execute(ProxyStatement.java:95) ~[HikariCP-6.3.3.jar:na]
	at com.zaxxer.hikari.pool.HikariProxyStatement.execute(HikariProxyStatement.java) ~[HikariCP-6.3.3.jar:na]
	at org.hibernate.tool.schema.internal.exec.GenerationTargetToDatabase.accept(GenerationTargetToDatabase.java:80) ~[hibernate-core-6.6.29.Final.jar:6.6.29.Final]
	... 37 common frames omitted

2026-06-19T19:57:28.472+02:00  INFO 29500 --- [transaction-service] [main] j.LocalContainerEntityManagerFactoryBean : Initialized JPA EntityManagerFactory for persistence unit 'default'
2026-06-19T19:57:29.082+02:00  INFO 29500 --- [transaction-service] [main] o.s.d.j.r.query.QueryEnhancerFactory     : Hibernate is in classpath; If applicable, HQL parser will be used.
2026-06-19T19:57:30.961+02:00  WARN 29500 --- [transaction-service] [main] .s.s.UserDetailsServiceAutoConfiguration : 

Using generated security password: 915bbf29-d634-4703-8fee-1101a16fedf4

This generated password is for development use only. Your security configuration must be updated before running your application in production.

2026-06-19T19:57:31.802+02:00  WARN 29500 --- [transaction-service] [main] ConfigServletWebServerApplicationContext : Exception encountered during context initialization - cancelling refresh attempt: org.springframework.beans.factory.BeanCreationException: Error creating bean with name 'handlerExceptionResolver' defined in class path resource [org/springframework/boot/autoconfigure/web/servlet/WebMvcAutoConfiguration$EnableWebMvcConfiguration.class]: Failed to instantiate [org.springframework.web.servlet.HandlerExceptionResolver]: Factory method 'handlerExceptionResolver' threw exception with message: Ambiguous @ExceptionHandler method mapped for [ExceptionHandler{exceptionType=org.springframework.security.access.AccessDeniedException, mediaType=*/*}]: {public org.springframework.http.ResponseEntity com.mvm.transaction.exception.GlobalExceptionHandler.handleSpringAccessDenied(org.springframework.security.access.AccessDeniedException), public org.springframework.http.ResponseEntity com.mvm.transaction.exception.GlobalExceptionHandler.handleAccessDenied(org.springframework.security.access.AccessDeniedException)}
2026-06-19T19:57:31.812+02:00  INFO 29500 --- [transaction-service] [main] j.LocalContainerEntityManagerFactoryBean : Closing JPA EntityManagerFactory for persistence unit 'default'
2026-06-19T19:57:31.822+02:00  INFO 29500 --- [transaction-service] [main] com.zaxxer.hikari.HikariDataSource       : HikariPool-1 - Shutdown initiated...
2026-06-19T19:57:31.832+02:00  INFO 29500 --- [transaction-service] [main] com.zaxxer.hikari.HikariDataSource       : HikariPool-1 - Shutdown completed.
2026-06-19T19:57:31.840+02:00  INFO 29500 --- [transaction-service] [main] o.apache.catalina.core.StandardService   : Stopping service [Tomcat]
2026-06-19T19:57:31.865+02:00  INFO 29500 --- [transaction-service] [main] .s.b.a.l.ConditionEvaluationReportLogger : 

Error starting ApplicationContext. To display the condition evaluation report re-run your application with 'debug' enabled.
2026-06-19T19:57:31.903+02:00 ERROR 29500 --- [transaction-service] [main] o.s.boot.SpringApplication               : Application run failed

org.springframework.beans.factory.BeanCreationException: Error creating bean with name 'handlerExceptionResolver' defined in class path resource [org/springframework/boot/autoconfigure/web/servlet/WebMvcAutoConfiguration$EnableWebMvcConfiguration.class]: Failed to instantiate [org.springframework.web.servlet.HandlerExceptionResolver]: Factory method 'handlerExceptionResolver' threw exception with message: Ambiguous @ExceptionHandler method mapped for [ExceptionHandler{exceptionType=org.springframework.security.access.AccessDeniedException, mediaType=*/*}]: {public org.springframework.http.ResponseEntity com.mvm.transaction.exception.GlobalExceptionHandler.handleSpringAccessDenied(org.springframework.security.access.AccessDeniedException), public org.springframework.http.ResponseEntity com.mvm.transaction.exception.GlobalExceptionHandler.handleAccessDenied(org.springframework.security.access.AccessDeniedException)}
	at org.springframework.beans.factory.support.ConstructorResolver.instantiate(ConstructorResolver.java:657) ~[spring-beans-6.2.11.jar:6.2.11]
	at org.springframework.beans.factory.support.ConstructorResolver.instantiateUsingFactoryMethod(ConstructorResolver.java:645) ~[spring-beans-6.2.11.jar:6.2.11]
	at org.springframework.beans.factory.support.AbstractAutowireCapableBeanFactory.instantiateUsingFactoryMethod(AbstractAutowireCapableBeanFactory.java:1375) ~[spring-beans-6.2.11.jar:6.2.11]
	at org.springframework.beans.factory.support.AbstractAutowireCapableBeanFactory.createBeanInstance(AbstractAutowireCapableBeanFactory.java:1205) ~[spring-beans-6.2.11.jar:6.2.11]
	at org.springframework.beans.factory.support.AbstractAutowireCapableBeanFactory.doCreateBean(AbstractAutowireCapableBeanFactory.java:569) ~[spring-beans-6.2.11.jar:6.2.11]
	at org.springframework.beans.factory.support.AbstractAutowireCapableBeanFactory.createBean(AbstractAutowireCapableBeanFactory.java:529) ~[spring-beans-6.2.11.jar:6.2.11]
	at org.springframework.beans.factory.support.AbstractBeanFactory.lambda$doGetBean$0(AbstractBeanFactory.java:339) ~[spring-beans-6.2.11.jar:6.2.11]
	at org.springframework.beans.factory.support.DefaultSingletonBeanRegistry.getSingleton(DefaultSingletonBeanRegistry.java:373) ~[spring-beans-6.2.11.jar:6.2.11]
	at org.springframework.beans.factory.support.AbstractBeanFactory.doGetBean(AbstractBeanFactory.java:337) ~[spring-beans-6.2.11.jar:6.2.11]
	at org.springframework.beans.factory.support.AbstractBeanFactory.getBean(AbstractBeanFactory.java:202) ~[spring-beans-6.2.11.jar:6.2.11]
	at org.springframework.beans.factory.support.DefaultListableBeanFactory.instantiateSingleton(DefaultListableBeanFactory.java:1221) ~[spring-beans-6.2.11.jar:6.2.11]
	at org.springframework.beans.factory.support.DefaultListableBeanFactory.preInstantiateSingleton(DefaultListableBeanFactory.java:1187) ~[spring-beans-6.2.11.jar:6.2.11]
	at org.springframework.beans.factory.support.DefaultListableBeanFactory.preInstantiateSingletons(DefaultListableBeanFactory.java:1123) ~[spring-beans-6.2.11.jar:6.2.11]
	at org.springframework.context.support.AbstractApplicationContext.finishBeanFactoryInitialization(AbstractApplicationContext.java:987) ~[spring-context-6.2.11.jar:6.2.11]
	at org.springframework.context.support.AbstractApplicationContext.refresh(AbstractApplicationContext.java:627) ~[spring-context-6.2.11.jar:6.2.11]
	at org.springframework.boot.web.servlet.context.ServletWebServerApplicationContext.refresh(ServletWebServerApplicationContext.java:146) ~[spring-boot-3.5.6.jar:3.5.6]
	at org.springframework.boot.SpringApplication.refresh(SpringApplication.java:752) ~[spring-boot-3.5.6.jar:3.5.6]
	at org.springframework.boot.SpringApplication.refreshContext(SpringApplication.java:439) ~[spring-boot-3.5.6.jar:3.5.6]
	at org.springframework.boot.SpringApplication.run(SpringApplication.java:318) ~[spring-boot-3.5.6.jar:3.5.6]
	at org.springframework.boot.SpringApplication.run(SpringApplication.java:1361) ~[spring-boot-3.5.6.jar:3.5.6]
	at org.springframework.boot.SpringApplication.run(SpringApplication.java:1350) ~[spring-boot-3.5.6.jar:3.5.6]
	at com.mvm.transaction.TransactionServiceApplication.main(TransactionServiceApplication.java:11) ~[classes/:na]
Caused by: org.springframework.beans.BeanInstantiationException: Failed to instantiate [org.springframework.web.servlet.HandlerExceptionResolver]: Factory method 'handlerExceptionResolver' threw exception with message: Ambiguous @ExceptionHandler method mapped for [ExceptionHandler{exceptionType=org.springframework.security.access.AccessDeniedException, mediaType=*/*}]: {public org.springframework.http.ResponseEntity com.mvm.transaction.exception.GlobalExceptionHandler.handleSpringAccessDenied(org.springframework.security.access.AccessDeniedException), public org.springframework.http.ResponseEntity com.mvm.transaction.exception.GlobalExceptionHandler.handleAccessDenied(org.springframework.security.access.AccessDeniedException)}
	at org.springframework.beans.factory.support.SimpleInstantiationStrategy.lambda$instantiate$0(SimpleInstantiationStrategy.java:200) ~[spring-beans-6.2.11.jar:6.2.11]
	at org.springframework.beans.factory.support.SimpleInstantiationStrategy.instantiateWithFactoryMethod(SimpleInstantiationStrategy.java:89) ~[spring-beans-6.2.11.jar:6.2.11]
	at org.springframework.beans.factory.support.SimpleInstantiationStrategy.instantiate(SimpleInstantiationStrategy.java:169) ~[spring-beans-6.2.11.jar:6.2.11]
	at org.springframework.beans.factory.support.ConstructorResolver.instantiate(ConstructorResolver.java:653) ~[spring-beans-6.2.11.jar:6.2.11]
	... 21 common frames omitted
Caused by: java.lang.IllegalStateException: Ambiguous @ExceptionHandler method mapped for [ExceptionHandler{exceptionType=org.springframework.security.access.AccessDeniedException, mediaType=*/*}]: {public org.springframework.http.ResponseEntity com.mvm.transaction.exception.GlobalExceptionHandler.handleSpringAccessDenied(org.springframework.security.access.AccessDeniedException), public org.springframework.http.ResponseEntity com.mvm.transaction.exception.GlobalExceptionHandler.handleAccessDenied(org.springframework.security.access.AccessDeniedException)}
	at org.springframework.web.method.annotation.ExceptionHandlerMethodResolver.addExceptionMapping(ExceptionHandlerMethodResolver.java:146) ~[spring-web-6.2.11.jar:6.2.11]
	at org.springframework.web.method.annotation.ExceptionHandlerMethodResolver.<init>(ExceptionHandlerMethodResolver.java:99) ~[spring-web-6.2.11.jar:6.2.11]
	at org.springframework.web.servlet.mvc.method.annotation.ExceptionHandlerExceptionResolver.initExceptionHandlerAdviceCache(ExceptionHandlerExceptionResolver.java:320) ~[spring-webmvc-6.2.11.jar:6.2.11]
	at org.springframework.web.servlet.mvc.method.annotation.ExceptionHandlerExceptionResolver.afterPropertiesSet(ExceptionHandlerExceptionResolver.java:287) ~[spring-webmvc-6.2.11.jar:6.2.11]
	at org.springframework.web.servlet.config.annotation.WebMvcConfigurationSupport.addDefaultHandlerExceptionResolvers(WebMvcConfigurationSupport.java:1084) ~[spring-webmvc-6.2.11.jar:6.2.11]
	at org.springframework.web.servlet.config.annotation.WebMvcConfigurationSupport.handlerExceptionResolver(WebMvcConfigurationSupport.java:1025) ~[spring-webmvc-6.2.11.jar:6.2.11]
	at java.base/jdk.internal.reflect.DirectMethodHandleAccessor.invoke(DirectMethodHandleAccessor.java:103) ~[na:na]
	at java.base/java.lang.reflect.Method.invoke(Method.java:580) ~[na:na]
	at org.springframework.beans.factory.support.SimpleInstantiationStrategy.lambda$instantiate$0(SimpleInstantiationStrategy.java:172) ~[spring-beans-6.2.11.jar:6.2.11]
	... 24 common frames omitted

2026-06-19T19:59:16.882+02:00  INFO 28924 --- [transaction-service] [main] c.m.t.TransactionServiceApplication      : Starting TransactionServiceApplication using Java 23 with PID 28924 (D:\Programacion\Personal\Mix\treasurytracker\backend\transaction-service\target\classes started by Marcos in D:\Programacion\Personal\Mix\treasurytracker\backend)
2026-06-19T19:59:16.886+02:00 DEBUG 28924 --- [transaction-service] [main] c.m.t.TransactionServiceApplication      : Running with Spring Boot v3.5.6, Spring v6.2.11
2026-06-19T19:59:16.887+02:00  INFO 28924 --- [transaction-service] [main] c.m.t.TransactionServiceApplication      : The following 1 profile is active: "local"
2026-06-19T19:59:18.420+02:00  INFO 28924 --- [transaction-service] [main] .s.d.r.c.RepositoryConfigurationDelegate : Bootstrapping Spring Data JPA repositories in DEFAULT mode.
2026-06-19T19:59:18.527+02:00  INFO 28924 --- [transaction-service] [main] .s.d.r.c.RepositoryConfigurationDelegate : Finished Spring Data repository scanning in 91 ms. Found 2 JPA repository interfaces.
2026-06-19T19:59:20.526+02:00  INFO 28924 --- [transaction-service] [main] o.s.b.w.embedded.tomcat.TomcatWebServer  : Tomcat initialized with port 8082 (http)
2026-06-19T19:59:20.544+02:00  INFO 28924 --- [transaction-service] [main] o.apache.catalina.core.StandardService   : Starting service [Tomcat]
2026-06-19T19:59:20.545+02:00  INFO 28924 --- [transaction-service] [main] o.apache.catalina.core.StandardEngine    : Starting Servlet engine: [Apache Tomcat/10.1.46]
2026-06-19T19:59:20.644+02:00  INFO 28924 --- [transaction-service] [main] o.a.c.c.C.[Tomcat].[localhost].[/]       : Initializing Spring embedded WebApplicationContext
2026-06-19T19:59:20.645+02:00  INFO 28924 --- [transaction-service] [main] w.s.c.ServletWebServerApplicationContext : Root WebApplicationContext: initialization completed in 3675 ms
2026-06-19T19:59:20.811+02:00 DEBUG 28924 --- [transaction-service] [main] c.m.t.config.JwtValidationFilter         : Filter 'jwtValidationFilter' configured for use
2026-06-19T19:59:21.267+02:00  INFO 28924 --- [transaction-service] [main] o.hibernate.jpa.internal.util.LogHelper  : HHH000204: Processing PersistenceUnitInfo [name: default]
2026-06-19T19:59:21.393+02:00  INFO 28924 --- [transaction-service] [main] org.hibernate.Version                    : HHH000412: Hibernate ORM core version 6.6.29.Final
2026-06-19T19:59:21.439+02:00  INFO 28924 --- [transaction-service] [main] o.h.c.internal.RegionFactoryInitiator    : HHH000026: Second-level cache disabled
2026-06-19T19:59:21.831+02:00  INFO 28924 --- [transaction-service] [main] o.s.o.j.p.SpringPersistenceUnitInfo      : No LoadTimeWeaver setup: ignoring JPA class transformer
2026-06-19T19:59:21.871+02:00  INFO 28924 --- [transaction-service] [main] com.zaxxer.hikari.HikariDataSource       : HikariPool-1 - Starting...
2026-06-19T19:59:22.417+02:00  INFO 28924 --- [transaction-service] [main] com.zaxxer.hikari.pool.HikariPool        : HikariPool-1 - Added connection org.postgresql.jdbc.PgConnection@6ef4297d
2026-06-19T19:59:22.420+02:00  INFO 28924 --- [transaction-service] [main] com.zaxxer.hikari.HikariDataSource       : HikariPool-1 - Start completed.
2026-06-19T19:59:22.476+02:00  WARN 28924 --- [transaction-service] [main] org.hibernate.orm.deprecation            : HHH90000025: PostgreSQLDialect does not need to be specified explicitly using 'hibernate.dialect' (remove the property setting and it will be selected by default)
2026-06-19T19:59:22.511+02:00  INFO 28924 --- [transaction-service] [main] org.hibernate.orm.connections.pooling    : HHH10001005: Database info:
	Database JDBC URL [Connecting through datasource 'HikariDataSource (HikariPool-1)']
	Database driver: undefined/unknown
	Database version: 16.14
	Autocommit mode: undefined/unknown
	Isolation level: undefined/unknown
	Minimum pool size: undefined/unknown
	Maximum pool size: undefined/unknown
2026-06-19T19:59:23.700+02:00  INFO 28924 --- [transaction-service] [main] o.h.e.t.j.p.i.JtaPlatformInitiator       : HHH000489: No JTA platform available (set 'hibernate.transaction.jta.platform' to enable JTA platform integration)
2026-06-19T19:59:23.793+02:00  INFO 28924 --- [transaction-service] [main] j.LocalContainerEntityManagerFactoryBean : Initialized JPA EntityManagerFactory for persistence unit 'default'
2026-06-19T19:59:24.511+02:00  INFO 28924 --- [transaction-service] [main] o.s.d.j.r.query.QueryEnhancerFactory     : Hibernate is in classpath; If applicable, HQL parser will be used.
2026-06-19T19:59:26.203+02:00  WARN 28924 --- [transaction-service] [main] .s.s.UserDetailsServiceAutoConfiguration : 

Using generated security password: 23884c88-92cd-426b-83a6-bd9970fc4843

This generated password is for development use only. Your security configuration must be updated before running your application in production.

2026-06-19T19:59:27.592+02:00  INFO 28924 --- [transaction-service] [main] o.s.b.w.embedded.tomcat.TomcatWebServer  : Tomcat started on port 8082 (http) with context path '/'
2026-06-19T19:59:27.614+02:00  INFO 28924 --- [transaction-service] [main] c.m.t.TransactionServiceApplication      : Started TransactionServiceApplication in 11.453 seconds (process running for 12.07)
2026-06-19T20:01:11.888+02:00  INFO 28924 --- [transaction-service] [http-nio-8082-exec-2] o.a.c.c.C.[Tomcat].[localhost].[/]       : Initializing Spring DispatcherServlet 'dispatcherServlet'
2026-06-19T20:01:11.889+02:00  INFO 28924 --- [transaction-service] [http-nio-8082-exec-2] o.s.web.servlet.DispatcherServlet        : Initializing Servlet 'dispatcherServlet'
2026-06-19T20:01:11.890+02:00  INFO 28924 --- [transaction-service] [http-nio-8082-exec-2] o.s.web.servlet.DispatcherServlet        : Completed initialization in 1 ms
2026-06-19T20:01:11.906+02:00 DEBUG 28924 --- [transaction-service] [http-nio-8082-exec-2] c.m.t.config.JwtValidationFilter         : JWT Filter - Method: POST, URI: /api/balance/initial-create
2026-06-19T20:03:26.783+02:00 DEBUG 28924 --- [transaction-service] [http-nio-8082-exec-3] c.m.t.config.JwtValidationFilter         : JWT Filter - Method: POST, URI: /api/balance/initial-create
2026-06-19T20:04:01.531+02:00 DEBUG 28924 --- [transaction-service] [http-nio-8082-exec-1] c.m.t.config.JwtValidationFilter         : JWT Filter - Method: GET, URI: /api/balance
2026-06-19T20:04:01.534+02:00 DEBUG 28924 --- [transaction-service] [http-nio-8082-exec-9] c.m.t.config.JwtValidationFilter         : JWT Filter - Method: GET, URI: /api/balance
2026-06-19T20:04:01.535+02:00 DEBUG 28924 --- [transaction-service] [http-nio-8082-exec-10] c.m.t.config.JwtValidationFilter         : JWT Filter - Method: GET, URI: /api/transactions
2026-06-19T20:04:01.536+02:00 DEBUG 28924 --- [transaction-service] [http-nio-8082-exec-5] c.m.t.config.JwtValidationFilter         : JWT Filter - Method: GET, URI: /api/transactions
2026-06-19T20:04:01.537+02:00 DEBUG 28924 --- [transaction-service] [http-nio-8082-exec-8] c.m.t.config.JwtValidationFilter         : JWT Filter - Method: GET, URI: /api/transactions
2026-06-19T20:04:01.538+02:00 DEBUG 28924 --- [transaction-service] [http-nio-8082-exec-4] c.m.t.config.JwtValidationFilter         : JWT Filter - Method: GET, URI: /api/transactions
2026-06-19T20:04:01.578+02:00  WARN 28924 --- [transaction-service] [http-nio-8082-exec-8] c.m.t.exception.GlobalExceptionHandler   : Type mismatch: type = expense
2026-06-19T20:04:01.578+02:00  WARN 28924 --- [transaction-service] [http-nio-8082-exec-4] c.m.t.exception.GlobalExceptionHandler   : Type mismatch: type = expense
2026-06-19T20:04:01.578+02:00  WARN 28924 --- [transaction-service] [http-nio-8082-exec-10] c.m.t.exception.GlobalExceptionHandler   : Type mismatch: type = income
2026-06-19T20:04:01.578+02:00  WARN 28924 --- [transaction-service] [http-nio-8082-exec-5] c.m.t.exception.GlobalExceptionHandler   : Type mismatch: type = income
2026-06-19T20:04:01.598+02:00 DEBUG 28924 --- [transaction-service] [http-nio-8082-exec-6] c.m.t.config.JwtValidationFilter         : JWT Filter - Method: GET, URI: /api/transactions
2026-06-19T20:04:01.598+02:00 DEBUG 28924 --- [transaction-service] [http-nio-8082-exec-2] c.m.t.config.JwtValidationFilter         : JWT Filter - Method: GET, URI: /api/transactions
2026-06-19T20:04:01.602+02:00  WARN 28924 --- [transaction-service] [http-nio-8082-exec-2] c.m.t.exception.GlobalExceptionHandler   : Type mismatch: type = income
2026-06-19T20:04:01.602+02:00  WARN 28924 --- [transaction-service] [http-nio-8082-exec-6] c.m.t.exception.GlobalExceptionHandler   : Type mismatch: type = expense
2026-06-19T20:04:01.611+02:00 DEBUG 28924 --- [transaction-service] [http-nio-8082-exec-3] c.m.t.config.JwtValidationFilter         : JWT Filter - Method: GET, URI: /api/transactions
2026-06-19T20:04:01.611+02:00 DEBUG 28924 --- [transaction-service] [http-nio-8082-exec-7] c.m.t.config.JwtValidationFilter         : JWT Filter - Method: GET, URI: /api/transactions
2026-06-19T20:04:01.615+02:00  WARN 28924 --- [transaction-service] [http-nio-8082-exec-7] c.m.t.exception.GlobalExceptionHandler   : Type mismatch: type = expense
2026-06-19T20:04:01.619+02:00  WARN 28924 --- [transaction-service] [http-nio-8082-exec-3] c.m.t.exception.GlobalExceptionHandler   : Type mismatch: type = income
2026-06-19T20:04:02.789+02:00 DEBUG 28924 --- [transaction-service] [http-nio-8082-exec-5] c.m.t.config.JwtValidationFilter         : JWT Filter - Method: GET, URI: /api/transactions
2026-06-19T20:04:02.789+02:00 DEBUG 28924 --- [transaction-service] [http-nio-8082-exec-8] c.m.t.config.JwtValidationFilter         : JWT Filter - Method: GET, URI: /api/transactions
2026-06-19T20:04:02.792+02:00  WARN 28924 --- [transaction-service] [http-nio-8082-exec-8] c.m.t.exception.GlobalExceptionHandler   : Type mismatch: type = expense
2026-06-19T20:04:02.792+02:00  WARN 28924 --- [transaction-service] [http-nio-8082-exec-5] c.m.t.exception.GlobalExceptionHandler   : Type mismatch: type = expense
2026-06-19T20:05:32.670+02:00 DEBUG 28924 --- [transaction-service] [http-nio-8082-exec-2] c.m.t.config.JwtValidationFilter         : JWT Filter - Method: GET, URI: /api/transactions
2026-06-19T20:05:32.670+02:00 DEBUG 28924 --- [transaction-service] [http-nio-8082-exec-6] c.m.t.config.JwtValidationFilter         : JWT Filter - Method: GET, URI: /api/transactions
2026-06-19T20:05:32.673+02:00  WARN 28924 --- [transaction-service] [http-nio-8082-exec-6] c.m.t.exception.GlobalExceptionHandler   : Type mismatch: type = income
2026-06-19T20:05:32.673+02:00  WARN 28924 --- [transaction-service] [http-nio-8082-exec-2] c.m.t.exception.GlobalExceptionHandler   : Type mismatch: type = income
2026-06-19T20:05:40.754+02:00 DEBUG 28924 --- [transaction-service] [http-nio-8082-exec-9] c.m.t.config.JwtValidationFilter         : JWT Filter - Method: GET, URI: /api/transactions
2026-06-19T20:05:40.754+02:00 DEBUG 28924 --- [transaction-service] [http-nio-8082-exec-1] c.m.t.config.JwtValidationFilter         : JWT Filter - Method: GET, URI: /api/transactions
2026-06-19T20:05:40.757+02:00  WARN 28924 --- [transaction-service] [http-nio-8082-exec-1] c.m.t.exception.GlobalExceptionHandler   : Type mismatch: type = expense
2026-06-19T20:05:40.757+02:00  WARN 28924 --- [transaction-service] [http-nio-8082-exec-9] c.m.t.exception.GlobalExceptionHandler   : Type mismatch: type = expense
2026-06-19T20:05:41.892+02:00 DEBUG 28924 --- [transaction-service] [http-nio-8082-exec-10] c.m.t.config.JwtValidationFilter         : JWT Filter - Method: GET, URI: /api/transactions
2026-06-19T20:05:41.892+02:00 DEBUG 28924 --- [transaction-service] [http-nio-8082-exec-8] c.m.t.config.JwtValidationFilter         : JWT Filter - Method: GET, URI: /api/transactions
2026-06-19T20:05:41.893+02:00 DEBUG 28924 --- [transaction-service] [http-nio-8082-exec-6] c.m.t.config.JwtValidationFilter         : JWT Filter - Method: GET, URI: /api/balance
2026-06-19T20:05:41.894+02:00 DEBUG 28924 --- [transaction-service] [http-nio-8082-exec-5] c.m.t.config.JwtValidationFilter         : JWT Filter - Method: GET, URI: /api/transactions
2026-06-19T20:05:41.894+02:00 DEBUG 28924 --- [transaction-service] [http-nio-8082-exec-7] c.m.t.config.JwtValidationFilter         : JWT Filter - Method: GET, URI: /api/balance
2026-06-19T20:05:41.895+02:00  WARN 28924 --- [transaction-service] [http-nio-8082-exec-10] c.m.t.exception.GlobalExceptionHandler   : Type mismatch: type = income
2026-06-19T20:05:41.896+02:00  WARN 28924 --- [transaction-service] [http-nio-8082-exec-8] c.m.t.exception.GlobalExceptionHandler   : Type mismatch: type = expense
2026-06-19T20:05:41.894+02:00 DEBUG 28924 --- [transaction-service] [http-nio-8082-exec-2] c.m.t.config.JwtValidationFilter         : JWT Filter - Method: GET, URI: /api/transactions
2026-06-19T20:05:41.898+02:00  WARN 28924 --- [transaction-service] [http-nio-8082-exec-5] c.m.t.exception.GlobalExceptionHandler   : Type mismatch: type = expense
2026-06-19T20:05:41.902+02:00  WARN 28924 --- [transaction-service] [http-nio-8082-exec-2] c.m.t.exception.GlobalExceptionHandler   : Type mismatch: type = income
2026-06-19T20:05:41.903+02:00 DEBUG 28924 --- [transaction-service] [http-nio-8082-exec-1] c.m.t.config.JwtValidationFilter         : JWT Filter - Method: GET, URI: /api/transactions
2026-06-19T20:05:41.902+02:00 DEBUG 28924 --- [transaction-service] [http-nio-8082-exec-3] c.m.t.config.JwtValidationFilter         : JWT Filter - Method: GET, URI: /api/transactions
2026-06-19T20:05:41.908+02:00  WARN 28924 --- [transaction-service] [http-nio-8082-exec-1] c.m.t.exception.GlobalExceptionHandler   : Type mismatch: type = income
2026-06-19T20:05:41.912+02:00 DEBUG 28924 --- [transaction-service] [http-nio-8082-exec-9] c.m.t.config.JwtValidationFilter         : JWT Filter - Method: GET, URI: /api/transactions
2026-06-19T20:05:41.913+02:00 DEBUG 28924 --- [transaction-service] [http-nio-8082-exec-1] c.m.t.config.JwtValidationFilter         : JWT Filter - Method: GET, URI: /api/transactions
2026-06-19T20:05:41.916+02:00  WARN 28924 --- [transaction-service] [http-nio-8082-exec-1] c.m.t.exception.GlobalExceptionHandler   : Type mismatch: type = expense
2026-06-19T20:05:41.916+02:00  WARN 28924 --- [transaction-service] [http-nio-8082-exec-9] c.m.t.exception.GlobalExceptionHandler   : Type mismatch: type = income
2026-06-19T20:05:41.922+02:00  WARN 28924 --- [transaction-service] [http-nio-8082-exec-3] c.m.t.exception.GlobalExceptionHandler   : Type mismatch: type = expense
2026-06-19T20:05:49.821+02:00 DEBUG 28924 --- [transaction-service] [http-nio-8082-exec-2] c.m.t.config.JwtValidationFilter         : JWT Filter - Method: GET, URI: /api/transactions
2026-06-19T20:05:49.821+02:00 DEBUG 28924 --- [transaction-service] [http-nio-8082-exec-5] c.m.t.config.JwtValidationFilter         : JWT Filter - Method: GET, URI: /api/transactions
2026-06-19T20:05:49.824+02:00  WARN 28924 --- [transaction-service] [http-nio-8082-exec-2] c.m.t.exception.GlobalExceptionHandler   : Type mismatch: type = expense
2026-06-19T20:05:49.824+02:00  WARN 28924 --- [transaction-service] [http-nio-8082-exec-5] c.m.t.exception.GlobalExceptionHandler   : Type mismatch: type = expense
2026-06-19T20:07:02.090+02:00 DEBUG 28924 --- [transaction-service] [http-nio-8082-exec-9] c.m.t.config.JwtValidationFilter         : JWT Filter - Method: GET, URI: /api/transactions
2026-06-19T20:07:02.179+02:00 DEBUG 28924 --- [transaction-service] [http-nio-8082-exec-9] c.m.t.service.TransactionService         : Cache miss for user: 2 type: EXPENSE
2026-06-19T20:07:02.237+02:00  WARN 28924 --- [transaction-service] [http-nio-8082-exec-9] ration$PageModule$WarningLoggingModifier : Serializing PageImpl instances as-is is not supported, meaning that there is no guarantee about the stability of the resulting JSON structure!
	For a stable JSON structure, please use Spring Data's PagedModel (globally via @EnableSpringDataWebSupport(pageSerializationMode = VIA_DTO))
	or Spring HATEOAS and Spring Data's PagedResourcesAssembler as documented in https://docs.spring.io/spring-data/commons/reference/repositories/core-extensions.html#core.web.pageables.

2026-06-19T20:07:18.633+02:00 DEBUG 28924 --- [transaction-service] [http-nio-8082-exec-6] c.m.t.config.JwtValidationFilter         : JWT Filter - Method: GET, URI: /api/transactions
2026-06-19T20:07:26.649+02:00 DEBUG 28924 --- [transaction-service] [http-nio-8082-exec-3] c.m.t.config.JwtValidationFilter         : JWT Filter - Method: GET, URI: /api/transactions
2026-06-19T20:07:31.634+02:00 DEBUG 28924 --- [transaction-service] [http-nio-8082-exec-10] c.m.t.config.JwtValidationFilter         : JWT Filter - Method: GET, URI: /api/transactions
2026-06-19T20:07:48.858+02:00 DEBUG 28924 --- [transaction-service] [http-nio-8082-exec-2] c.m.t.config.JwtValidationFilter         : JWT Filter - Method: GET, URI: /api/balance
2026-06-19T20:07:48.864+02:00 DEBUG 28924 --- [transaction-service] [http-nio-8082-exec-9] c.m.t.config.JwtValidationFilter         : JWT Filter - Method: GET, URI: /api/transactions
2026-06-19T20:07:48.867+02:00 DEBUG 28924 --- [transaction-service] [http-nio-8082-exec-5] c.m.t.config.JwtValidationFilter         : JWT Filter - Method: GET, URI: /api/transactions
2026-06-19T20:07:48.871+02:00 DEBUG 28924 --- [transaction-service] [http-nio-8082-exec-6] c.m.t.config.JwtValidationFilter         : JWT Filter - Method: GET, URI: /api/transactions
2026-06-19T20:07:48.871+02:00 DEBUG 28924 --- [transaction-service] [http-nio-8082-exec-4] c.m.t.config.JwtValidationFilter         : JWT Filter - Method: GET, URI: /api/balance
2026-06-19T20:07:48.871+02:00 DEBUG 28924 --- [transaction-service] [http-nio-8082-exec-1] c.m.t.config.JwtValidationFilter         : JWT Filter - Method: GET, URI: /api/transactions
2026-06-19T20:07:48.874+02:00 DEBUG 28924 --- [transaction-service] [http-nio-8082-exec-6] c.m.t.service.TransactionService         : Cache miss for user: 2 type: INCOME
2026-06-19T20:07:48.879+02:00 DEBUG 28924 --- [transaction-service] [http-nio-8082-exec-7] c.m.t.config.JwtValidationFilter         : JWT Filter - Method: GET, URI: /api/transactions
2026-06-19T20:07:48.881+02:00 DEBUG 28924 --- [transaction-service] [http-nio-8082-exec-3] c.m.t.config.JwtValidationFilter         : JWT Filter - Method: GET, URI: /api/transactions
2026-06-19T20:07:48.884+02:00 DEBUG 28924 --- [transaction-service] [http-nio-8082-exec-7] c.m.t.service.TransactionService         : Cache miss for user: 2 type: INCOME
2026-06-19T20:07:48.887+02:00 DEBUG 28924 --- [transaction-service] [http-nio-8082-exec-6] c.m.t.config.JwtValidationFilter         : JWT Filter - Method: GET, URI: /api/transactions
2026-06-19T20:07:48.893+02:00 DEBUG 28924 --- [transaction-service] [http-nio-8082-exec-10] c.m.t.config.JwtValidationFilter         : JWT Filter - Method: GET, URI: /api/transactions
2026-06-19T20:07:49.649+02:00 DEBUG 28924 --- [transaction-service] [http-nio-8082-exec-1] c.m.t.config.JwtValidationFilter         : JWT Filter - Method: GET, URI: /api/transactions
2026-06-19T20:07:49.649+02:00 DEBUG 28924 --- [transaction-service] [http-nio-8082-exec-2] c.m.t.config.JwtValidationFilter         : JWT Filter - Method: GET, URI: /api/transactions
2026-06-19T20:07:56.716+02:00 DEBUG 28924 --- [transaction-service] [http-nio-8082-exec-7] c.m.t.config.JwtValidationFilter         : JWT Filter - Method: GET, URI: /api/balance
2026-06-19T20:07:56.718+02:00 DEBUG 28924 --- [transaction-service] [http-nio-8082-exec-6] c.m.t.config.JwtValidationFilter         : JWT Filter - Method: GET, URI: /api/transactions
2026-06-19T20:07:56.720+02:00 DEBUG 28924 --- [transaction-service] [http-nio-8082-exec-3] c.m.t.config.JwtValidationFilter         : JWT Filter - Method: GET, URI: /api/transactions
2026-06-19T20:07:56.720+02:00 DEBUG 28924 --- [transaction-service] [http-nio-8082-exec-8] c.m.t.config.JwtValidationFilter         : JWT Filter - Method: GET, URI: /api/transactions
2026-06-19T20:07:56.723+02:00 DEBUG 28924 --- [transaction-service] [http-nio-8082-exec-4] c.m.t.config.JwtValidationFilter         : JWT Filter - Method: GET, URI: /api/transactions
2026-06-19T20:07:56.723+02:00 DEBUG 28924 --- [transaction-service] [http-nio-8082-exec-10] c.m.t.config.JwtValidationFilter         : JWT Filter - Method: GET, URI: /api/balance
2026-06-19T20:07:56.728+02:00 DEBUG 28924 --- [transaction-service] [http-nio-8082-exec-5] c.m.t.config.JwtValidationFilter         : JWT Filter - Method: GET, URI: /api/transactions
2026-06-19T20:07:56.731+02:00 DEBUG 28924 --- [transaction-service] [http-nio-8082-exec-9] c.m.t.config.JwtValidationFilter         : JWT Filter - Method: GET, URI: /api/transactions
2026-06-19T20:07:56.733+02:00 DEBUG 28924 --- [transaction-service] [http-nio-8082-exec-2] c.m.t.config.JwtValidationFilter         : JWT Filter - Method: GET, URI: /api/transactions
2026-06-19T20:07:56.741+02:00 DEBUG 28924 --- [transaction-service] [http-nio-8082-exec-4] c.m.t.config.JwtValidationFilter         : JWT Filter - Method: GET, URI: /api/transactions
2026-06-19T20:07:58.805+02:00 DEBUG 28924 --- [transaction-service] [http-nio-8082-exec-8] c.m.t.config.JwtValidationFilter         : JWT Filter - Method: GET, URI: /api/transactions
2026-06-19T20:07:58.806+02:00 DEBUG 28924 --- [transaction-service] [http-nio-8082-exec-5] c.m.t.config.JwtValidationFilter         : JWT Filter - Method: GET, URI: /api/transactions
2026-06-19T20:09:45.334+02:00  INFO 28924 --- [transaction-service] [SpringApplicationShutdownHook] o.s.b.w.e.tomcat.GracefulShutdown        : Commencing graceful shutdown. Waiting for active requests to complete
2026-06-19T20:09:45.339+02:00  INFO 28924 --- [transaction-service] [tomcat-shutdown] o.s.b.w.e.tomcat.GracefulShutdown        : Graceful shutdown complete
2026-06-19T20:09:45.344+02:00  INFO 28924 --- [transaction-service] [SpringApplicationShutdownHook] j.LocalContainerEntityManagerFactoryBean : Closing JPA EntityManagerFactory for persistence unit 'default'
2026-06-19T20:09:45.348+02:00  INFO 28924 --- [transaction-service] [SpringApplicationShutdownHook] com.zaxxer.hikari.HikariDataSource       : HikariPool-1 - Shutdown initiated...
2026-06-19T20:09:45.361+02:00  INFO 28924 --- [transaction-service] [SpringApplicationShutdownHook] com.zaxxer.hikari.HikariDataSource       : HikariPool-1 - Shutdown completed.
2026-06-19T20:10:20.869+02:00  INFO 18100 --- [transaction-service] [main] c.m.t.TransactionServiceApplication      : Starting TransactionServiceApplication using Java 23 with PID 18100 (D:\Programacion\Personal\Mix\treasurytracker\backend\transaction-service\target\classes started by Marcos in D:\Programacion\Personal\Mix\treasurytracker\backend)
2026-06-19T20:10:20.871+02:00 DEBUG 18100 --- [transaction-service] [main] c.m.t.TransactionServiceApplication      : Running with Spring Boot v3.5.6, Spring v6.2.11
2026-06-19T20:10:20.872+02:00  INFO 18100 --- [transaction-service] [main] c.m.t.TransactionServiceApplication      : The following 1 profile is active: "local"
2026-06-19T20:10:22.113+02:00  INFO 18100 --- [transaction-service] [main] .s.d.r.c.RepositoryConfigurationDelegate : Bootstrapping Spring Data JPA repositories in DEFAULT mode.
2026-06-19T20:10:22.237+02:00  INFO 18100 --- [transaction-service] [main] .s.d.r.c.RepositoryConfigurationDelegate : Finished Spring Data repository scanning in 108 ms. Found 2 JPA repository interfaces.
2026-06-19T20:10:23.759+02:00  INFO 18100 --- [transaction-service] [main] o.s.b.w.embedded.tomcat.TomcatWebServer  : Tomcat initialized with port 8082 (http)
2026-06-19T20:10:23.780+02:00  INFO 18100 --- [transaction-service] [main] o.apache.catalina.core.StandardService   : Starting service [Tomcat]
2026-06-19T20:10:23.781+02:00  INFO 18100 --- [transaction-service] [main] o.apache.catalina.core.StandardEngine    : Starting Servlet engine: [Apache Tomcat/10.1.46]
2026-06-19T20:10:23.880+02:00  INFO 18100 --- [transaction-service] [main] o.a.c.c.C.[Tomcat].[localhost].[/]       : Initializing Spring embedded WebApplicationContext
2026-06-19T20:10:23.881+02:00  INFO 18100 --- [transaction-service] [main] w.s.c.ServletWebServerApplicationContext : Root WebApplicationContext: initialization completed in 2935 ms
2026-06-19T20:10:24.004+02:00 DEBUG 18100 --- [transaction-service] [main] c.m.t.config.JwtValidationFilter         : Filter 'jwtValidationFilter' configured for use
2026-06-19T20:10:24.292+02:00  INFO 18100 --- [transaction-service] [main] o.hibernate.jpa.internal.util.LogHelper  : HHH000204: Processing PersistenceUnitInfo [name: default]
2026-06-19T20:10:24.377+02:00  INFO 18100 --- [transaction-service] [main] org.hibernate.Version                    : HHH000412: Hibernate ORM core version 6.6.29.Final
2026-06-19T20:10:24.435+02:00  INFO 18100 --- [transaction-service] [main] o.h.c.internal.RegionFactoryInitiator    : HHH000026: Second-level cache disabled
2026-06-19T20:10:24.789+02:00  INFO 18100 --- [transaction-service] [main] o.s.o.j.p.SpringPersistenceUnitInfo      : No LoadTimeWeaver setup: ignoring JPA class transformer
2026-06-19T20:10:24.821+02:00  INFO 18100 --- [transaction-service] [main] com.zaxxer.hikari.HikariDataSource       : HikariPool-1 - Starting...
2026-06-19T20:10:25.019+02:00  INFO 18100 --- [transaction-service] [main] com.zaxxer.hikari.pool.HikariPool        : HikariPool-1 - Added connection org.postgresql.jdbc.PgConnection@25ea068e
2026-06-19T20:10:25.021+02:00  INFO 18100 --- [transaction-service] [main] com.zaxxer.hikari.HikariDataSource       : HikariPool-1 - Start completed.
2026-06-19T20:10:25.057+02:00  WARN 18100 --- [transaction-service] [main] org.hibernate.orm.deprecation            : HHH90000025: PostgreSQLDialect does not need to be specified explicitly using 'hibernate.dialect' (remove the property setting and it will be selected by default)
2026-06-19T20:10:25.084+02:00  INFO 18100 --- [transaction-service] [main] org.hibernate.orm.connections.pooling    : HHH10001005: Database info:
	Database JDBC URL [Connecting through datasource 'HikariDataSource (HikariPool-1)']
	Database driver: undefined/unknown
	Database version: 16.14
	Autocommit mode: undefined/unknown
	Isolation level: undefined/unknown
	Minimum pool size: undefined/unknown
	Maximum pool size: undefined/unknown
2026-06-19T20:10:25.998+02:00  INFO 18100 --- [transaction-service] [main] o.h.e.t.j.p.i.JtaPlatformInitiator       : HHH000489: No JTA platform available (set 'hibernate.transaction.jta.platform' to enable JTA platform integration)
2026-06-19T20:10:26.060+02:00  INFO 18100 --- [transaction-service] [main] j.LocalContainerEntityManagerFactoryBean : Initialized JPA EntityManagerFactory for persistence unit 'default'
2026-06-19T20:10:26.592+02:00  INFO 18100 --- [transaction-service] [main] o.s.d.j.r.query.QueryEnhancerFactory     : Hibernate is in classpath; If applicable, HQL parser will be used.
2026-06-19T20:10:28.086+02:00  WARN 18100 --- [transaction-service] [main] .s.s.UserDetailsServiceAutoConfiguration : 

Using generated security password: 93e048ae-9a4d-4f62-8f94-50f392a4f9f2

This generated password is for development use only. Your security configuration must be updated before running your application in production.

2026-06-19T20:10:29.270+02:00  INFO 18100 --- [transaction-service] [main] o.s.b.w.embedded.tomcat.TomcatWebServer  : Tomcat started on port 8082 (http) with context path '/'
2026-06-19T20:10:29.291+02:00  INFO 18100 --- [transaction-service] [main] c.m.t.TransactionServiceApplication      : Started TransactionServiceApplication in 9.132 seconds (process running for 9.69)
2026-06-19T20:10:53.387+02:00  INFO 18100 --- [transaction-service] [http-nio-8082-exec-5] o.a.c.c.C.[Tomcat].[localhost].[/]       : Initializing Spring DispatcherServlet 'dispatcherServlet'
2026-06-19T20:10:53.387+02:00  INFO 18100 --- [transaction-service] [http-nio-8082-exec-5] o.s.web.servlet.DispatcherServlet        : Initializing Servlet 'dispatcherServlet'
2026-06-19T20:10:53.388+02:00  INFO 18100 --- [transaction-service] [http-nio-8082-exec-5] o.s.web.servlet.DispatcherServlet        : Completed initialization in 1 ms
2026-06-19T20:10:53.472+02:00 DEBUG 18100 --- [transaction-service] [http-nio-8082-exec-4] c.m.t.config.JwtValidationFilter         : JWT Filter - Method: GET, URI: /api/transactions
2026-06-19T20:10:53.473+02:00 DEBUG 18100 --- [transaction-service] [http-nio-8082-exec-5] c.m.t.config.JwtValidationFilter         : JWT Filter - Method: GET, URI: /api/transactions
2026-06-19T20:10:53.472+02:00 DEBUG 18100 --- [transaction-service] [http-nio-8082-exec-1] c.m.t.config.JwtValidationFilter         : JWT Filter - Method: GET, URI: /api/balance
2026-06-19T20:10:53.473+02:00 DEBUG 18100 --- [transaction-service] [http-nio-8082-exec-3] c.m.t.config.JwtValidationFilter         : JWT Filter - Method: GET, URI: /api/transactions
2026-06-19T20:10:53.473+02:00 DEBUG 18100 --- [transaction-service] [http-nio-8082-exec-6] c.m.t.config.JwtValidationFilter         : JWT Filter - Method: GET, URI: /api/balance
2026-06-19T20:10:53.473+02:00 DEBUG 18100 --- [transaction-service] [http-nio-8082-exec-2] c.m.t.config.JwtValidationFilter         : JWT Filter - Method: GET, URI: /api/transactions
2026-06-19T20:10:53.619+02:00 DEBUG 18100 --- [transaction-service] [http-nio-8082-exec-4] c.m.t.service.TransactionService         : Cache miss for user: 2 type: INCOME
2026-06-19T20:10:53.620+02:00 DEBUG 18100 --- [transaction-service] [http-nio-8082-exec-5] c.m.t.service.TransactionService         : Cache miss for user: 2 type: EXPENSE
2026-06-19T20:10:53.620+02:00 DEBUG 18100 --- [transaction-service] [http-nio-8082-exec-3] c.m.t.service.TransactionService         : Cache miss for user: 2 type: EXPENSE
2026-06-19T20:10:53.619+02:00 DEBUG 18100 --- [transaction-service] [http-nio-8082-exec-2] c.m.t.service.TransactionService         : Cache miss for user: 2 type: INCOME
2026-06-19T20:10:53.904+02:00  WARN 18100 --- [transaction-service] [http-nio-8082-exec-5] ration$PageModule$WarningLoggingModifier : Serializing PageImpl instances as-is is not supported, meaning that there is no guarantee about the stability of the resulting JSON structure!
	For a stable JSON structure, please use Spring Data's PagedModel (globally via @EnableSpringDataWebSupport(pageSerializationMode = VIA_DTO))
	or Spring HATEOAS and Spring Data's PagedResourcesAssembler as documented in https://docs.spring.io/spring-data/commons/reference/repositories/core-extensions.html#core.web.pageables.

2026-06-19T20:10:53.952+02:00 DEBUG 18100 --- [transaction-service] [http-nio-8082-exec-6] c.m.t.config.JwtValidationFilter         : JWT Filter - Method: GET, URI: /api/transactions
2026-06-19T20:10:53.953+02:00 DEBUG 18100 --- [transaction-service] [http-nio-8082-exec-10] c.m.t.config.JwtValidationFilter         : JWT Filter - Method: GET, URI: /api/transactions
2026-06-19T20:10:53.962+02:00 DEBUG 18100 --- [transaction-service] [http-nio-8082-exec-8] c.m.t.config.JwtValidationFilter         : JWT Filter - Method: GET, URI: /api/transactions
2026-06-19T20:10:53.964+02:00 DEBUG 18100 --- [transaction-service] [http-nio-8082-exec-9] c.m.t.config.JwtValidationFilter         : JWT Filter - Method: GET, URI: /api/transactions
2026-06-19T20:10:58.245+02:00 DEBUG 18100 --- [transaction-service] [http-nio-8082-exec-4] c.m.t.config.JwtValidationFilter         : JWT Filter - Method: GET, URI: /api/transactions
2026-06-19T20:10:58.245+02:00 DEBUG 18100 --- [transaction-service] [http-nio-8082-exec-3] c.m.t.config.JwtValidationFilter         : JWT Filter - Method: GET, URI: /api/transactions
2026-06-19T20:13:29.062+02:00 DEBUG 18100 --- [transaction-service] [http-nio-8082-exec-3] c.m.t.config.JwtValidationFilter         : JWT Filter - Method: GET, URI: /api/transactions
2026-06-19T20:13:29.062+02:00 DEBUG 18100 --- [transaction-service] [http-nio-8082-exec-4] c.m.t.config.JwtValidationFilter         : JWT Filter - Method: GET, URI: /api/transactions
2026-06-19T20:14:34.046+02:00 DEBUG 18100 --- [transaction-service] [http-nio-8082-exec-10] c.m.t.config.JwtValidationFilter         : JWT Filter - Method: GET, URI: /api/transactions
2026-06-19T20:14:37.320+02:00 DEBUG 18100 --- [transaction-service] [http-nio-8082-exec-6] c.m.t.config.JwtValidationFilter         : JWT Filter - Method: GET, URI: /api/balance
2026-06-19T20:14:37.324+02:00 DEBUG 18100 --- [transaction-service] [http-nio-8082-exec-9] c.m.t.config.JwtValidationFilter         : JWT Filter - Method: GET, URI: /api/transactions
2026-06-19T20:14:37.334+02:00 DEBUG 18100 --- [transaction-service] [http-nio-8082-exec-4] c.m.t.config.JwtValidationFilter         : JWT Filter - Method: GET, URI: /api/transactions
2026-06-19T20:14:37.334+02:00 DEBUG 18100 --- [transaction-service] [http-nio-8082-exec-1] c.m.t.config.JwtValidationFilter         : JWT Filter - Method: GET, URI: /api/transactions
2026-06-19T20:14:37.334+02:00 DEBUG 18100 --- [transaction-service] [http-nio-8082-exec-7] c.m.t.config.JwtValidationFilter         : JWT Filter - Method: GET, URI: /api/transactions
2026-06-19T20:14:37.336+02:00 DEBUG 18100 --- [transaction-service] [http-nio-8082-exec-3] c.m.t.config.JwtValidationFilter         : JWT Filter - Method: GET, URI: /api/balance
2026-06-19T20:14:37.342+02:00 DEBUG 18100 --- [transaction-service] [http-nio-8082-exec-8] c.m.t.config.JwtValidationFilter         : JWT Filter - Method: GET, URI: /api/transactions
2026-06-19T20:14:37.353+02:00 DEBUG 18100 --- [transaction-service] [http-nio-8082-exec-2] c.m.t.config.JwtValidationFilter         : JWT Filter - Method: GET, URI: /api/transactions
2026-06-19T20:14:37.353+02:00 DEBUG 18100 --- [transaction-service] [http-nio-8082-exec-5] c.m.t.config.JwtValidationFilter         : JWT Filter - Method: GET, URI: /api/transactions
2026-06-19T20:14:37.361+02:00 DEBUG 18100 --- [transaction-service] [http-nio-8082-exec-10] c.m.t.config.JwtValidationFilter         : JWT Filter - Method: GET, URI: /api/transactions
2026-06-19T20:14:38.864+02:00 DEBUG 18100 --- [transaction-service] [http-nio-8082-exec-4] c.m.t.config.JwtValidationFilter         : JWT Filter - Method: GET, URI: /api/transactions
2026-06-19T20:14:38.867+02:00 DEBUG 18100 --- [transaction-service] [http-nio-8082-exec-7] c.m.t.config.JwtValidationFilter         : JWT Filter - Method: GET, URI: /api/transactions
2026-06-19T20:14:49.039+02:00 DEBUG 18100 --- [transaction-service] [http-nio-8082-exec-2] c.m.t.config.JwtValidationFilter         : JWT Filter - Method: GET, URI: /api/transactions
2026-06-19T20:14:49.039+02:00 DEBUG 18100 --- [transaction-service] [http-nio-8082-exec-3] c.m.t.config.JwtValidationFilter         : JWT Filter - Method: GET, URI: /api/transactions
2026-06-19T20:14:58.277+02:00 DEBUG 18100 --- [transaction-service] [http-nio-8082-exec-9] c.m.t.config.JwtValidationFilter         : JWT Filter - Method: GET, URI: /api/transactions
2026-06-19T20:14:58.277+02:00 DEBUG 18100 --- [transaction-service] [http-nio-8082-exec-6] c.m.t.config.JwtValidationFilter         : JWT Filter - Method: GET, URI: /api/transactions
2026-06-19T20:14:59.338+02:00 DEBUG 18100 --- [transaction-service] [http-nio-8082-exec-4] c.m.t.config.JwtValidationFilter         : JWT Filter - Method: GET, URI: /api/balance
2026-06-19T20:14:59.340+02:00 DEBUG 18100 --- [transaction-service] [http-nio-8082-exec-7] c.m.t.config.JwtValidationFilter         : JWT Filter - Method: GET, URI: /api/transactions
2026-06-19T20:14:59.349+02:00 DEBUG 18100 --- [transaction-service] [http-nio-8082-exec-5] c.m.t.config.JwtValidationFilter         : JWT Filter - Method: GET, URI: /api/transactions
2026-06-19T20:14:59.351+02:00 DEBUG 18100 --- [transaction-service] [http-nio-8082-exec-3] c.m.t.config.JwtValidationFilter         : JWT Filter - Method: GET, URI: /api/balance
2026-06-19T20:14:59.351+02:00 DEBUG 18100 --- [transaction-service] [http-nio-8082-exec-1] c.m.t.config.JwtValidationFilter         : JWT Filter - Method: GET, URI: /api/transactions
2026-06-19T20:14:59.353+02:00 DEBUG 18100 --- [transaction-service] [http-nio-8082-exec-10] c.m.t.config.JwtValidationFilter         : JWT Filter - Method: GET, URI: /api/transactions
2026-06-19T20:14:59.359+02:00 DEBUG 18100 --- [transaction-service] [http-nio-8082-exec-8] c.m.t.config.JwtValidationFilter         : JWT Filter - Method: GET, URI: /api/transactions
2026-06-19T20:14:59.362+02:00 DEBUG 18100 --- [transaction-service] [http-nio-8082-exec-2] c.m.t.config.JwtValidationFilter         : JWT Filter - Method: GET, URI: /api/transactions
2026-06-19T20:14:59.364+02:00 DEBUG 18100 --- [transaction-service] [http-nio-8082-exec-6] c.m.t.config.JwtValidationFilter         : JWT Filter - Method: GET, URI: /api/transactions
2026-06-19T20:14:59.369+02:00 DEBUG 18100 --- [transaction-service] [http-nio-8082-exec-4] c.m.t.config.JwtValidationFilter         : JWT Filter - Method: GET, URI: /api/transactions
2026-06-19T20:15:01.611+02:00 DEBUG 18100 --- [transaction-service] [http-nio-8082-exec-7] c.m.t.config.JwtValidationFilter         : JWT Filter - Method: GET, URI: /api/transactions
2026-06-19T20:15:01.611+02:00 DEBUG 18100 --- [transaction-service] [http-nio-8082-exec-10] c.m.t.config.JwtValidationFilter         : JWT Filter - Method: GET, URI: /api/transactions
2026-06-19T20:16:59.893+02:00 DEBUG 18100 --- [transaction-service] [http-nio-8082-exec-7] c.m.t.config.JwtValidationFilter         : JWT Filter - Method: GET, URI: /api/transactions
2026-06-19T20:16:59.893+02:00 DEBUG 18100 --- [transaction-service] [http-nio-8082-exec-10] c.m.t.config.JwtValidationFilter         : JWT Filter - Method: GET, URI: /api/transactions
2026-06-19T20:17:01.306+02:00 DEBUG 18100 --- [transaction-service] [http-nio-8082-exec-4] c.m.t.config.JwtValidationFilter         : JWT Filter - Method: GET, URI: /api/transactions
2026-06-19T20:17:01.306+02:00 DEBUG 18100 --- [transaction-service] [http-nio-8082-exec-9] c.m.t.config.JwtValidationFilter         : JWT Filter - Method: GET, URI: /api/transactions
2026-06-19T20:17:04.626+02:00 DEBUG 18100 --- [transaction-service] [http-nio-8082-exec-5] c.m.t.config.JwtValidationFilter         : JWT Filter - Method: GET, URI: /api/transactions
2026-06-19T20:17:04.629+02:00 DEBUG 18100 --- [transaction-service] [http-nio-8082-exec-1] c.m.t.config.JwtValidationFilter         : JWT Filter - Method: GET, URI: /api/transactions
2026-06-19T20:17:05.095+02:00 DEBUG 18100 --- [transaction-service] [http-nio-8082-exec-7] c.m.t.config.JwtValidationFilter         : JWT Filter - Method: GET, URI: /api/balance
2026-06-19T20:17:05.102+02:00 DEBUG 18100 --- [transaction-service] [http-nio-8082-exec-8] c.m.t.config.JwtValidationFilter         : JWT Filter - Method: GET, URI: /api/transactions
2026-06-19T20:17:05.106+02:00 DEBUG 18100 --- [transaction-service] [http-nio-8082-exec-4] c.m.t.config.JwtValidationFilter         : JWT Filter - Method: GET, URI: /api/transactions
2026-06-19T20:17:05.108+02:00 DEBUG 18100 --- [transaction-service] [http-nio-8082-exec-9] c.m.t.config.JwtValidationFilter         : JWT Filter - Method: GET, URI: /api/transactions
2026-06-19T20:17:05.111+02:00 DEBUG 18100 --- [transaction-service] [http-nio-8082-exec-3] c.m.t.config.JwtValidationFilter         : JWT Filter - Method: GET, URI: /api/transactions
2026-06-19T20:17:05.112+02:00 DEBUG 18100 --- [transaction-service] [http-nio-8082-exec-10] c.m.t.config.JwtValidationFilter         : JWT Filter - Method: GET, URI: /api/balance
2026-06-19T20:17:05.125+02:00 DEBUG 18100 --- [transaction-service] [http-nio-8082-exec-2] c.m.t.config.JwtValidationFilter         : JWT Filter - Method: GET, URI: /api/transactions
2026-06-19T20:17:05.125+02:00 DEBUG 18100 --- [transaction-service] [http-nio-8082-exec-6] c.m.t.config.JwtValidationFilter         : JWT Filter - Method: GET, URI: /api/transactions
2026-06-19T20:17:05.127+02:00 DEBUG 18100 --- [transaction-service] [http-nio-8082-exec-7] c.m.t.config.JwtValidationFilter         : JWT Filter - Method: GET, URI: /api/transactions
2026-06-19T20:17:05.128+02:00 DEBUG 18100 --- [transaction-service] [http-nio-8082-exec-1] c.m.t.config.JwtValidationFilter         : JWT Filter - Method: GET, URI: /api/transactions
2026-06-19T20:17:07.228+02:00 DEBUG 18100 --- [transaction-service] [http-nio-8082-exec-8] c.m.t.config.JwtValidationFilter         : JWT Filter - Method: GET, URI: /api/transactions
2026-06-19T20:17:07.229+02:00 DEBUG 18100 --- [transaction-service] [http-nio-8082-exec-3] c.m.t.config.JwtValidationFilter         : JWT Filter - Method: GET, URI: /api/transactions
2026-06-19T20:17:19.374+02:00 DEBUG 18100 --- [transaction-service] [http-nio-8082-exec-1] c.m.t.config.JwtValidationFilter         : JWT Filter - Method: PUT, URI: /api/transactions/8
2026-06-19T20:17:19.471+02:00  INFO 18100 --- [transaction-service] [http-nio-8082-exec-1] c.m.t.service.TransactionService         : Updating transaction 8 for user: 2
2026-06-19T20:17:19.501+02:00  WARN 18100 --- [transaction-service] [http-nio-8082-exec-1] c.m.transaction.service.BalanceService   : Balance would go negative for user 2: 0.0000 + -50.3 = -50.3000. Allowing but logging.
2026-06-19T20:17:19.508+02:00  INFO 18100 --- [transaction-service] [http-nio-8082-exec-1] c.m.t.service.TransactionService         : Transaction updated successfully. ID: 8
2026-06-19T20:17:35.564+02:00 DEBUG 18100 --- [transaction-service] [http-nio-8082-exec-6] c.m.t.config.JwtValidationFilter         : JWT Filter - Method: DELETE, URI: /api/transactions/6
2026-06-19T20:17:35.570+02:00  INFO 18100 --- [transaction-service] [http-nio-8082-exec-6] c.m.t.service.TransactionService         : Deleting transaction 6 for user: 2
2026-06-19T20:17:35.604+02:00 DEBUG 18100 --- [transaction-service] [http-nio-8082-exec-7] c.m.t.config.JwtValidationFilter         : JWT Filter - Method: GET, URI: /api/transactions
2026-06-19T20:17:35.607+02:00 DEBUG 18100 --- [transaction-service] [http-nio-8082-exec-7] c.m.t.service.TransactionService         : Cache miss for user: 2 type: EXPENSE
